# KAT v2 — светлина, висока облачност и условия за следи срещу ПТП

Дни с метео: 135. Ранени (чисти): 80. Тежки ПТП: 44.

## ⚠ Проблемни дни (изключени или поправени)

- **2026-10-06** — ранени=2 — неправдоподобно за цялата страна
- **2026-10-02** — заглавие за пожари, не за ПТП
- **2026-09-29** — заглавие за пожари, не за ПТП
- **2026-09-24** — заглавие за пожари, не за ПТП
- **2026-09-17** — ранени=4 — неправдоподобно за цялата страна
- **2026-08-31** — ранени 3 → 23 (поправено по заглавието)
- **2026-08-22** — заглавие за пожари, не за ПТП
- **2026-08-18** — заглавие за пожари, не за ПТП
- **2026-08-15** — заглавие за пожари, не за ПТП
- **2026-08-12** — заглавие за пожари, не за ПТП
- **2026-08-01** — областна справка, не национална
- **2026-07-18** — заглавие за пожари, не за ПТП
- **2026-07-16** — заглавие за пожари, не за ПТП
- **2026-07-07** — ранени=2 — неправдоподобно за цялата страна
- **2026-06-02** — ранени=6 — неправдоподобно за цялата страна

## Резултати (IRR на 1 стандартно отклонение; >1 = повече ранени)

Праг за значимост: p < 0.0167 (Бонферони за 3 хипотези).

### H1 разсеяна светлина — **НЕ Е ПОДКРЕПЕНА**
- ранени, същия ден: IRR 0.971 [0.89–1.059], p=0.5087, n=80 · откриваем ефект ≥ ±13.2%
- ранени, предния ден: IRR 1.013 [0.935–1.097], p=0.7504, n=80
- ранени, плацебо (утрешния ден): IRR 0.997 [0.936–1.061], p=0.9147, n=80
- тежки ПТП, същия ден: IRR 0.9 [0.795–1.019], p=0.0966, n=44 · откриваем ефект ≥ ±19.4%
- тежки ПТП, предния ден: IRR 0.981 [0.903–1.066], p=0.6481, n=44
- тежки ПТП, плацебо (утрешния ден): IRR 0.955 [0.884–1.032], p=0.2464, n=44

### H2 висока облачност — **НЕ Е ПОДКРЕПЕНА**
- ранени, същия ден: IRR 0.971 [0.908–1.039], p=0.3974, n=80 · откриваем ефект ≥ ±10.2%
- ранени, предния ден: IRR 0.957 [0.891–1.027], p=0.2219, n=80
- ранени, плацебо (утрешния ден): IRR 1.023 [0.961–1.089], p=0.4791, n=80
- тежки ПТП, същия ден: IRR 0.936 [0.852–1.029], p=0.1696, n=44 · откриваем ефект ≥ ±14.4%
- тежки ПТП, предния ден: IRR 1.002 [0.916–1.096], p=0.9632, n=44
- тежки ПТП, плацебо (утрешния ден): IRR 0.961 [0.894–1.034], p=0.2893, n=44

### H3 условия за следи (250 hPa) — **НЕ Е ПОДКРЕПЕНА**
- ранени, същия ден: IRR 0.978 [0.92–1.039], p=0.4656, n=80 · откриваем ефект ≥ ±9.1%
- ранени, предния ден: IRR 0.984 [0.923–1.049], p=0.6195, n=80
- ранени, плацебо (утрешния ден): IRR 0.973 [0.905–1.046], p=0.4561, n=80
- тежки ПТП, същия ден: IRR 0.95 [0.868–1.04], p=0.2686, n=44 · откриваем ефект ≥ ±13.8%
- тежки ПТП, предния ден: IRR 0.984 [0.897–1.079], p=0.7278, n=44
- тежки ПТП, плацебо (утрешния ден): IRR 0.894 [0.822–0.973], p=0.0091, n=44

## Разсеяна светлина по терциали (сурово, без контроли)

| терциал | дни | ранени средно | дъжд мм средно |
|---|---|---|---|
| ниско | 27 | 29.7 | 0.0 |
| средно | 26 | 27.2 | 0.1 |
| високо | 27 | 26.4 | 1.8 |

## Ограничения

- ПТП са национални и дневни, парснати от новинарски заглавия; няма час и място на катастрофата.
  Затова не може да се сравни ден/нощ — най-силният тест за „светлинна“ хипотеза.
- ~3–4 месеца данни: тестът хваща само големи ефекти (виж „откриваем ефект“).
- Висока облачност и следи вървят заедно с фронтове; плацебото (утрешния ден) показва дали
  връзката е от фактора или от времето около него.

